
> veggo-backend@1.0.0 dev
> nodemon src/server.js

[33m[nodemon] 3.1.14[39m
[33m[nodemon] to restart at any time, enter `rs`[39m
[33m[nodemon] watching path(s): *.*[39m
[33m[nodemon] watching extensions: js,mjs,cjs,json[39m
[32m[nodemon] starting `node src/server.js`[39m
Firebase Admin initialized
Failed to start server: MongoDB Atlas SRV DNS lookup was refused. Switch MONGODB_URI to the direct mongodb:// host list from backend/.env.example, or use a DNS server/network that allows SRV lookups.
[31m[nodemon] app crashed - waiting for file changes before starting...[39m

> veggo-backend@1.0.0 dev
> nodemon src/server.js

[33m[nodemon] 3.1.14[39m
[33m[nodemon] to restart at any time, enter `rs`[39m
[33m[nodemon] watching path(s): *.*[39m
[33m[nodemon] watching extensions: js,mjs,cjs,json[39m
[32m[nodemon] starting `node src/server.js`[39m
Firebase Admin initialized
Connected to MongoDB Atlas
VEGGO API running on http://0.0.0.0:5001
